242  [main] INFO  lesson2.SecondTask - [11, 4, 16, 10, 12, 10, 16, 3, 7, 13, 8, 2, 4, 3, 5, 3, 16, 11, 18, 8]
243  [main] INFO  lesson2.SecondTask - [11, 4, 10, 16, 12, 10, 16, 3, 7, 13, 8, 2, 4, 3, 5, 3, 16, 11, 18, 8]
243  [main] INFO  lesson2.SecondTask - [11, 4, 10, 12, 16, 10, 16, 3, 7, 13, 8, 2, 4, 3, 5, 3, 16, 11, 18, 8]
243  [main] INFO  lesson2.SecondTask - [11, 4, 10, 12, 10, 16, 16, 3, 7, 13, 8, 2, 4, 3, 5, 3, 16, 11, 18, 8]
243  [main] INFO  lesson2.SecondTask - [11, 4, 10, 12, 10, 16, 3, 16, 7, 13, 8, 2, 4, 3, 5, 3, 16, 11, 18, 8]
243  [main] INFO  lesson2.SecondTask - [11, 4, 10, 12, 10, 16, 3, 7, 16, 13, 8, 2, 4, 3, 5, 3, 16, 11, 18, 8]
243  [main] INFO  lesson2.SecondTask - [11, 4, 10, 12, 10, 16, 3, 7, 13, 16, 8, 2, 4, 3, 5, 3, 16, 11, 18, 8]
243  [main] INFO  lesson2.SecondTask - [11, 4, 10, 12, 10, 16, 3, 7, 13, 8, 16, 2, 4, 3, 5, 3, 16, 11, 18, 8]
243  [main] INFO  lesson2.SecondTask - [11, 4, 10, 12, 10, 16, 3, 7, 13, 8, 2, 16, 4, 3, 5, 3, 16, 11, 18, 8]
243  [main] INFO  lesson2.SecondTask - [11, 4, 10, 12, 10, 16, 3, 7, 13, 8, 2, 4, 16, 3, 5, 3, 16, 11, 18, 8]
243  [main] INFO  lesson2.SecondTask - [11, 4, 10, 12, 10, 16, 3, 7, 13, 8, 2, 4, 3, 16, 5, 3, 16, 11, 18, 8]
243  [main] INFO  lesson2.SecondTask - [11, 4, 10, 12, 10, 16, 3, 7, 13, 8, 2, 4, 3, 5, 16, 3, 16, 11, 18, 8]
243  [main] INFO  lesson2.SecondTask - [11, 4, 10, 12, 10, 16, 3, 7, 13, 8, 2, 4, 3, 5, 3, 16, 16, 11, 18, 8]
243  [main] INFO  lesson2.SecondTask - [11, 4, 10, 12, 10, 16, 3, 7, 13, 8, 2, 4, 3, 5, 3, 16, 11, 16, 18, 8]
243  [main] INFO  lesson2.SecondTask - [11, 4, 10, 12, 10, 16, 3, 7, 13, 8, 2, 4, 3, 5, 3, 16, 11, 16, 8, 18]
243  [main] INFO  lesson2.SecondTask - [4, 11, 10, 12, 10, 16, 3, 7, 13, 8, 2, 4, 3, 5, 3, 16, 11, 16, 8, 18]
243  [main] INFO  lesson2.SecondTask - [4, 10, 11, 12, 10, 16, 3, 7, 13, 8, 2, 4, 3, 5, 3, 16, 11, 16, 8, 18]
243  [main] INFO  lesson2.SecondTask - [4, 10, 11, 10, 12, 16, 3, 7, 13, 8, 2, 4, 3, 5, 3, 16, 11, 16, 8, 18]
243  [main] INFO  lesson2.SecondTask - [4, 10, 11, 10, 12, 3, 16, 7, 13, 8, 2, 4, 3, 5, 3, 16, 11, 16, 8, 18]
243  [main] INFO  lesson2.SecondTask - [4, 10, 11, 10, 12, 3, 7, 16, 13, 8, 2, 4, 3, 5, 3, 16, 11, 16, 8, 18]
243  [main] INFO  lesson2.SecondTask - [4, 10, 11, 10, 12, 3, 7, 13, 16, 8, 2, 4, 3, 5, 3, 16, 11, 16, 8, 18]
243  [main] INFO  lesson2.SecondTask - [4, 10, 11, 10, 12, 3, 7, 13, 8, 16, 2, 4, 3, 5, 3, 16, 11, 16, 8, 18]
243  [main] INFO  lesson2.SecondTask - [4, 10, 11, 10, 12, 3, 7, 13, 8, 2, 16, 4, 3, 5, 3, 16, 11, 16, 8, 18]
243  [main] INFO  lesson2.SecondTask - [4, 10, 11, 10, 12, 3, 7, 13, 8, 2, 4, 16, 3, 5, 3, 16, 11, 16, 8, 18]
243  [main] INFO  lesson2.SecondTask - [4, 10, 11, 10, 12, 3, 7, 13, 8, 2, 4, 3, 16, 5, 3, 16, 11, 16, 8, 18]
243  [main] INFO  lesson2.SecondTask - [4, 10, 11, 10, 12, 3, 7, 13, 8, 2, 4, 3, 5, 16, 3, 16, 11, 16, 8, 18]
244  [main] INFO  lesson2.SecondTask - [4, 10, 11, 10, 12, 3, 7, 13, 8, 2, 4, 3, 5, 3, 16, 16, 11, 16, 8, 18]
244  [main] INFO  lesson2.SecondTask - [4, 10, 11, 10, 12, 3, 7, 13, 8, 2, 4, 3, 5, 3, 16, 11, 16, 16, 8, 18]
244  [main] INFO  lesson2.SecondTask - [4, 10, 11, 10, 12, 3, 7, 13, 8, 2, 4, 3, 5, 3, 16, 11, 16, 8, 16, 18]
244  [main] INFO  lesson2.SecondTask - [4, 10, 10, 11, 12, 3, 7, 13, 8, 2, 4, 3, 5, 3, 16, 11, 16, 8, 16, 18]
244  [main] INFO  lesson2.SecondTask - [4, 10, 10, 11, 3, 12, 7, 13, 8, 2, 4, 3, 5, 3, 16, 11, 16, 8, 16, 18]
244  [main] INFO  lesson2.SecondTask - [4, 10, 10, 11, 3, 7, 12, 13, 8, 2, 4, 3, 5, 3, 16, 11, 16, 8, 16, 18]
244  [main] INFO  lesson2.SecondTask - [4, 10, 10, 11, 3, 7, 12, 8, 13, 2, 4, 3, 5, 3, 16, 11, 16, 8, 16, 18]
244  [main] INFO  lesson2.SecondTask - [4, 10, 10, 11, 3, 7, 12, 8, 2, 13, 4, 3, 5, 3, 16, 11, 16, 8, 16, 18]
244  [main] INFO  lesson2.SecondTask - [4, 10, 10, 11, 3, 7, 12, 8, 2, 4, 13, 3, 5, 3, 16, 11, 16, 8, 16, 18]
244  [main] INFO  lesson2.SecondTask - [4, 10, 10, 11, 3, 7, 12, 8, 2, 4, 3, 13, 5, 3, 16, 11, 16, 8, 16, 18]
244  [main] INFO  lesson2.SecondTask - [4, 10, 10, 11, 3, 7, 12, 8, 2, 4, 3, 5, 13, 3, 16, 11, 16, 8, 16, 18]
244  [main] INFO  lesson2.SecondTask - [4, 10, 10, 11, 3, 7, 12, 8, 2, 4, 3, 5, 3, 13, 16, 11, 16, 8, 16, 18]
244  [main] INFO  lesson2.SecondTask - [4, 10, 10, 11, 3, 7, 12, 8, 2, 4, 3, 5, 3, 13, 11, 16, 16, 8, 16, 18]
244  [main] INFO  lesson2.SecondTask - [4, 10, 10, 11, 3, 7, 12, 8, 2, 4, 3, 5, 3, 13, 11, 16, 8, 16, 16, 18]
244  [main] INFO  lesson2.SecondTask - [4, 10, 10, 3, 11, 7, 12, 8, 2, 4, 3, 5, 3, 13, 11, 16, 8, 16, 16, 18]
244  [main] INFO  lesson2.SecondTask - [4, 10, 10, 3, 7, 11, 12, 8, 2, 4, 3, 5, 3, 13, 11, 16, 8, 16, 16, 18]
244  [main] INFO  lesson2.SecondTask - [4, 10, 10, 3, 7, 11, 8, 12, 2, 4, 3, 5, 3, 13, 11, 16, 8, 16, 16, 18]
244  [main] INFO  lesson2.SecondTask - [4, 10, 10, 3, 7, 11, 8, 2, 12, 4, 3, 5, 3, 13, 11, 16, 8, 16, 16, 18]
244  [main] INFO  lesson2.SecondTask - [4, 10, 10, 3, 7, 11, 8, 2, 4, 12, 3, 5, 3, 13, 11, 16, 8, 16, 16, 18]
244  [main] INFO  lesson2.SecondTask - [4, 10, 10, 3, 7, 11, 8, 2, 4, 3, 12, 5, 3, 13, 11, 16, 8, 16, 16, 18]
244  [main] INFO  lesson2.SecondTask - [4, 10, 10, 3, 7, 11, 8, 2, 4, 3, 5, 12, 3, 13, 11, 16, 8, 16, 16, 18]
244  [main] INFO  lesson2.SecondTask - [4, 10, 10, 3, 7, 11, 8, 2, 4, 3, 5, 3, 12, 13, 11, 16, 8, 16, 16, 18]
244  [main] INFO  lesson2.SecondTask - [4, 10, 10, 3, 7, 11, 8, 2, 4, 3, 5, 3, 12, 11, 13, 16, 8, 16, 16, 18]
244  [main] INFO  lesson2.SecondTask - [4, 10, 10, 3, 7, 11, 8, 2, 4, 3, 5, 3, 12, 11, 13, 8, 16, 16, 16, 18]
244  [main] INFO  lesson2.SecondTask - [4, 10, 3, 10, 7, 11, 8, 2, 4, 3, 5, 3, 12, 11, 13, 8, 16, 16, 16, 18]
244  [main] INFO  lesson2.SecondTask - [4, 10, 3, 7, 10, 11, 8, 2, 4, 3, 5, 3, 12, 11, 13, 8, 16, 16, 16, 18]
244  [main] INFO  lesson2.SecondTask - [4, 10, 3, 7, 10, 8, 11, 2, 4, 3, 5, 3, 12, 11, 13, 8, 16, 16, 16, 18]
244  [main] INFO  lesson2.SecondTask - [4, 10, 3, 7, 10, 8, 2, 11, 4, 3, 5, 3, 12, 11, 13, 8, 16, 16, 16, 18]
244  [main] INFO  lesson2.SecondTask - [4, 10, 3, 7, 10, 8, 2, 4, 11, 3, 5, 3, 12, 11, 13, 8, 16, 16, 16, 18]
244  [main] INFO  lesson2.SecondTask - [4, 10, 3, 7, 10, 8, 2, 4, 3, 11, 5, 3, 12, 11, 13, 8, 16, 16, 16, 18]
244  [main] INFO  lesson2.SecondTask - [4, 10, 3, 7, 10, 8, 2, 4, 3, 5, 11, 3, 12, 11, 13, 8, 16, 16, 16, 18]
244  [main] INFO  lesson2.SecondTask - [4, 10, 3, 7, 10, 8, 2, 4, 3, 5, 3, 11, 12, 11, 13, 8, 16, 16, 16, 18]
244  [main] INFO  lesson2.SecondTask - [4, 10, 3, 7, 10, 8, 2, 4, 3, 5, 3, 11, 11, 12, 13, 8, 16, 16, 16, 18]
245  [main] INFO  lesson2.SecondTask - [4, 10, 3, 7, 10, 8, 2, 4, 3, 5, 3, 11, 11, 12, 8, 13, 16, 16, 16, 18]
245  [main] INFO  lesson2.SecondTask - [4, 3, 10, 7, 10, 8, 2, 4, 3, 5, 3, 11, 11, 12, 8, 13, 16, 16, 16, 18]
245  [main] INFO  lesson2.SecondTask - [4, 3, 7, 10, 10, 8, 2, 4, 3, 5, 3, 11, 11, 12, 8, 13, 16, 16, 16, 18]
245  [main] INFO  lesson2.SecondTask - [4, 3, 7, 10, 8, 10, 2, 4, 3, 5, 3, 11, 11, 12, 8, 13, 16, 16, 16, 18]
245  [main] INFO  lesson2.SecondTask - [4, 3, 7, 10, 8, 2, 10, 4, 3, 5, 3, 11, 11, 12, 8, 13, 16, 16, 16, 18]
245  [main] INFO  lesson2.SecondTask - [4, 3, 7, 10, 8, 2, 4, 10, 3, 5, 3, 11, 11, 12, 8, 13, 16, 16, 16, 18]
245  [main] INFO  lesson2.SecondTask - [4, 3, 7, 10, 8, 2, 4, 3, 10, 5, 3, 11, 11, 12, 8, 13, 16, 16, 16, 18]
245  [main] INFO  lesson2.SecondTask - [4, 3, 7, 10, 8, 2, 4, 3, 5, 10, 3, 11, 11, 12, 8, 13, 16, 16, 16, 18]
245  [main] INFO  lesson2.SecondTask - [4, 3, 7, 10, 8, 2, 4, 3, 5, 3, 10, 11, 11, 12, 8, 13, 16, 16, 16, 18]
245  [main] INFO  lesson2.SecondTask - [4, 3, 7, 10, 8, 2, 4, 3, 5, 3, 10, 11, 11, 8, 12, 13, 16, 16, 16, 18]
245  [main] INFO  lesson2.SecondTask - [3, 4, 7, 10, 8, 2, 4, 3, 5, 3, 10, 11, 11, 8, 12, 13, 16, 16, 16, 18]
245  [main] INFO  lesson2.SecondTask - [3, 4, 7, 8, 10, 2, 4, 3, 5, 3, 10, 11, 11, 8, 12, 13, 16, 16, 16, 18]
245  [main] INFO  lesson2.SecondTask - [3, 4, 7, 8, 2, 10, 4, 3, 5, 3, 10, 11, 11, 8, 12, 13, 16, 16, 16, 18]
245  [main] INFO  lesson2.SecondTask - [3, 4, 7, 8, 2, 4, 10, 3, 5, 3, 10, 11, 11, 8, 12, 13, 16, 16, 16, 18]
245  [main] INFO  lesson2.SecondTask - [3, 4, 7, 8, 2, 4, 3, 10, 5, 3, 10, 11, 11, 8, 12, 13, 16, 16, 16, 18]
245  [main] INFO  lesson2.SecondTask - [3, 4, 7, 8, 2, 4, 3, 5, 10, 3, 10, 11, 11, 8, 12, 13, 16, 16, 16, 18]
245  [main] INFO  lesson2.SecondTask - [3, 4, 7, 8, 2, 4, 3, 5, 3, 10, 10, 11, 11, 8, 12, 13, 16, 16, 16, 18]
245  [main] INFO  lesson2.SecondTask - [3, 4, 7, 8, 2, 4, 3, 5, 3, 10, 10, 11, 8, 11, 12, 13, 16, 16, 16, 18]
245  [main] INFO  lesson2.SecondTask - [3, 4, 7, 2, 8, 4, 3, 5, 3, 10, 10, 11, 8, 11, 12, 13, 16, 16, 16, 18]
245  [main] INFO  lesson2.SecondTask - [3, 4, 7, 2, 4, 8, 3, 5, 3, 10, 10, 11, 8, 11, 12, 13, 16, 16, 16, 18]
245  [main] INFO  lesson2.SecondTask - [3, 4, 7, 2, 4, 3, 8, 5, 3, 10, 10, 11, 8, 11, 12, 13, 16, 16, 16, 18]
245  [main] INFO  lesson2.SecondTask - [3, 4, 7, 2, 4, 3, 5, 8, 3, 10, 10, 11, 8, 11, 12, 13, 16, 16, 16, 18]
245  [main] INFO  lesson2.SecondTask - [3, 4, 7, 2, 4, 3, 5, 3, 8, 10, 10, 11, 8, 11, 12, 13, 16, 16, 16, 18]
245  [main] INFO  lesson2.SecondTask - [3, 4, 7, 2, 4, 3, 5, 3, 8, 10, 10, 8, 11, 11, 12, 13, 16, 16, 16, 18]
245  [main] INFO  lesson2.SecondTask - [3, 4, 2, 7, 4, 3, 5, 3, 8, 10, 10, 8, 11, 11, 12, 13, 16, 16, 16, 18]
245  [main] INFO  lesson2.SecondTask - [3, 4, 2, 4, 7, 3, 5, 3, 8, 10, 10, 8, 11, 11, 12, 13, 16, 16, 16, 18]
246  [main] INFO  lesson2.SecondTask - [3, 4, 2, 4, 3, 7, 5, 3, 8, 10, 10, 8, 11, 11, 12, 13, 16, 16, 16, 18]
246  [main] INFO  lesson2.SecondTask - [3, 4, 2, 4, 3, 5, 7, 3, 8, 10, 10, 8, 11, 11, 12, 13, 16, 16, 16, 18]
246  [main] INFO  lesson2.SecondTask - [3, 4, 2, 4, 3, 5, 3, 7, 8, 10, 10, 8, 11, 11, 12, 13, 16, 16, 16, 18]
246  [main] INFO  lesson2.SecondTask - [3, 4, 2, 4, 3, 5, 3, 7, 8, 10, 8, 10, 11, 11, 12, 13, 16, 16, 16, 18]
246  [main] INFO  lesson2.SecondTask - [3, 2, 4, 4, 3, 5, 3, 7, 8, 10, 8, 10, 11, 11, 12, 13, 16, 16, 16, 18]
246  [main] INFO  lesson2.SecondTask - [3, 2, 4, 3, 4, 5, 3, 7, 8, 10, 8, 10, 11, 11, 12, 13, 16, 16, 16, 18]
246  [main] INFO  lesson2.SecondTask - [3, 2, 4, 3, 4, 3, 5, 7, 8, 10, 8, 10, 11, 11, 12, 13, 16, 16, 16, 18]
246  [main] INFO  lesson2.SecondTask - [3, 2, 4, 3, 4, 3, 5, 7, 8, 8, 10, 10, 11, 11, 12, 13, 16, 16, 16, 18]
246  [main] INFO  lesson2.SecondTask - [2, 3, 4, 3, 4, 3, 5, 7, 8, 8, 10, 10, 11, 11, 12, 13, 16, 16, 16, 18]
246  [main] INFO  lesson2.SecondTask - [2, 3, 3, 4, 4, 3, 5, 7, 8, 8, 10, 10, 11, 11, 12, 13, 16, 16, 16, 18]
246  [main] INFO  lesson2.SecondTask - [2, 3, 3, 4, 3, 4, 5, 7, 8, 8, 10, 10, 11, 11, 12, 13, 16, 16, 16, 18]
246  [main] INFO  lesson2.SecondTask - [2, 3, 3, 3, 4, 4, 5, 7, 8, 8, 10, 10, 11, 11, 12, 13, 16, 16, 16, 18]
